---
source: src/state.rs
description: "|state|\n    {\n        state.handle_primary_bytes(\"no repeat \".as_bytes());\n        state.render().unwrap();\n        state.render().unwrap();\n    }"
expression: output
---
no repeat 
